// Jest Snapshot v1, https://goo.gl/fbAQLP

exports[`App component renders App 1`] = `
<BrowserRouter>
  <Header />
  <Route
    component={[Function]}
    exact={true}
    path="/"
  />
  <Route
    component={[Function]}
    exact={true}
    path="/about"
  />
  <Route
    component={[Function]}
    exact={true}
    path="/spells"
  />
  <Route
    component={[Function]}
    exact={true}
    path="/shop"
  />
  <Route
    component={[Function]}
    exact={true}
    path="/blog"
  />
  <Route
    component={[Function]}
    exact={true}
    path="/videos"
  />
  <Route
    component={[Function]}
    exact={true}
    path="/contact"
  />
  <Footer />
</BrowserRouter>
`;
